// Jest Snapshot v1, https://goo.gl/fbAQLP

exports[`ThemeProvider render correctly 1`] = `
<div>
  sample content
</div>
`;
