// Jest Snapshot v1, https://goo.gl/fbAQLP

exports[`Root Head render correctly 1`] = `
<div>
  <title>
    Cơm Cơm
  </title>
  <meta
    content="width=device-width, initial-scale=1"
    name="viewport"
  />
  <meta
    content="Generated by create next app"
    name="description"
  />
  <link
    href="/favicon.ico"
    rel="icon"
  />
</div>
`;
