// Jest Snapshot v1, https://goo.gl/fbAQLP

exports[`Root Layout render correctly 1`] = `
<div>
  <html
    lang="en"
  >
    <head />
    <body>
      sample text
    </body>
  </html>
</div>
`;
